AREA .  .ABS.
	RADIX HEX
	BASE 0000
	SIZE 0000
	ATTRIB ABS OVR
	GLOBALS
		l__HEAP	0000
		l__BSEG	0000
		l_.  .ABS.	0000
		l__GSFINAL	0000
		l__ISEG	0000
		s_.  .ABS.	0000
		s__HEADER	0000
		l__XSEG	0000
		.init	0000
		l__OVERLAY	0000
		l__LIT	0000
		l__GSINITTAIL	0001
		l__DATA	000E
		l__GSINIT	001D
		l__BSS	0087
		l__HEADER	01EB
		s__CODE	0200
		l__HOME	0486
		l__BASE	0E77
		l__CODE	159C
		s__HOME	179C
		s__BASE	1C22
		s__LIT	2A99
		s__GSINIT	2A99
		s__GSINITTAIL	2AB6
		s__GSFINAL	2AB7
		.OAM	C000
		s__DATA	C0A0
		s__BSS	C0AE
		s__HEAP	C135
		s__BSEG	C135
		s__ISEG	C135
		s__XSEG	C135
		s__OVERLAY	C135
		.STACK	E000
		.refresh_OAM	FF80
AREA _CODE
	RADIX HEX
	BASE 0200
	SIZE 159C
	ATTRIB REL CON
	GLOBALS
		_main	0200
		_clear_disp	02B1
		_draw_screen	02D5
		_select_op	0474
		_calc_ans	04CD
		_redraw_in1	05C0
		_redraw_in2	05FE
		_redraw_op	063C
		_redraw_ans	0675
		_putchar	06B3
		_setchar	06BC
		_gotoxy	06C5
		_posx	06D0
		_posy	06E1
		.adv_gcurs	06F2
		.circle	070F
		.horlin	07B2
		.verlin	07EA
		.circplot	0846
		.box	08C4
		.line	099A
		.xonly	0ABB
		.yonly	0C0A
		.plot	0C2B
		.wrbyte	0C48
		.getpix	0CCA
		.wrtchr	0CFF
		_gotogxy	0D63
		_wrtchr	0D6E
		_getpix	0D83
		_color	0D8F
		_circle	0D9E
		_box	0DB8
		_line	0DDC
		_plot_point	0DF4
		_plot	0E08
		__mulslong_rrf_s	0E24
		__mulslong_rrx_s	0E24
		__mululong_rrf_s	0E27
		__mululong_rrx_s	0E27
		__modslong_rrf_s	0E2A
		__modslong_rrx_s	0E2A
		__modulong_rrf_s	0E2D
		__modulong_rrx_s	0E2D
		__divslong_rrf_s	0E30
		__divslong_rrx_s	0E30
		__divulong_rrf_s	0E33
		__divulong_rrx_s	0E33
		__mulsint_rrf_s	0E36
		__divsint_rrf_s	0E3C
		__muluint_rrf_s	0E42
		__divuint_rrf_s	0E48
		__mulschar_rrf_s	0E4E
		__divschar_rrf_s	0E54
		__muluchar_rrf_s	0E5A
		__divuchar_rrf_s	0E60
		__modschar_rrf_s	0E66
		__moduchar_rrf_s	0E6C
		__modsint_rrf_s	0E72
		__moduint_rrf_s	0E78
		__rrulong_rrf_s	0E7E
		__rrslong_rrf_s	0E84
		__rlulong_rrf_s	0E8A
		__rlslong_rrf_s	0E90
		__divschar_rrx_s	0E96
		__divschar_rrx_hds	0E9D
		__modschar_rrx_s	0EA4
		__modschar_rrx_hds	0EAB
		__divsint_rrx_s	0EB0
		__divsint_rrx_hds	0EBC
		__modsint_rrx_s	0EC4
		__modsint_rrx_hds	0ED0
		__divuchar_rrx_s	0ED6
		__divuchar_rrx_hds	0EDD
		__moduchar_rrx_s	0EE4
		__moduchar_rrx_hds	0EEB
		__divuint_rrx_s	0EF0
		__divuint_rrx_hds	0EFC
		__moduint_rrx_s	0F04
		__moduint_rrx_hds	0F10
		.mod8	0F16
		.div8	0F16
		.mod16	0F1E
		.div16	0F1E
		.modu8	0F58
		.divu8	0F58
		.modu16	0F5B
		.divu16	0F5B
		__rrulong_rrx_s	0F98
		__rrslong_rrx_s	0FB5
		__rlslong_rrx_s	0FD2
		__rlulong_rrx_s	0FD2
		__mulschar_rrx_s	0FEF
		__mulschar_rrx_hds	0FF6
		__muluchar_rrx_s	1002
		__mulsint_rrx_s	100F
		__muluint_rrx_s	100F
		__mulsint_rrx_hds	101B
		__muluint_rrx_hds	101B
		__muluchar_rrx_hds	101B
		__modslong	1037
		__modulong	114B
		__divslong	123B
		__divulong	134F
		__mululong	141A
		__mulslong	1766
AREA _HEADER
	RADIX HEX
	BASE 0000
	SIZE 01EB
	ATTRIB ABS OVR
	GLOBALS
		_exit	01D2
AREA _HOME
	RADIX HEX
	BASE 179C
	SIZE 0486
	ATTRIB REL CON
	GLOBALS
		.set_mode	179C
		.remove_VBL	17AC
		.remove_LCD	17B2
		.remove_TIM	17B8
		.remove_SIO	17BE
		.remove_JOY	17C4
		.add_VBL	17CA
		.add_LCD	17D0
		.add_TIM	17D6
		.add_SIO	17DC
		.add_JOY	17E2
		.remove_int	17E8
		.add_int	1808
		.wait_vbl_done	1824
		_wait_vbl_done	1824
		_display_off	183B
		.display_off	183B
		.serial_IO	185C
		_mode	188B
		_get_mode	1894
		_enable_interrupts	1899
		_disable_interrupts	189B
		_reset	189D
		.reset	189D
		_set_interrupts	18A3
		_remove_VBL	18AE
		_remove_LCD	18B9
		_remove_TIM	18C4
		_remove_SIO	18CF
		_remove_JOY	18DA
		_add_VBL	18E5
		_add_LCD	18F0
		_add_TIM	18FB
		_add_SIO	1906
		_add_JOY	1911
		_clock	191C
		__printTStates	1925
		banked_call	1926
		banked_ret	193F
		_printf	1948
		_sprintf	1965
AREA _BASE
	RADIX HEX
	BASE 1C22
	SIZE 0E77
	ATTRIB REL CON
	GLOBALS
		font_copy_uncompressed	1C22
		font_copy_compressed	1C58
		font_load	1CAD
		font_copy_current	1CF5
		font_set	1D3D
		.put_char	1D4A
		.out_char	1D63
		.del_char	1D6A
		_font_load	1DC5
		_font_set	1DD3
		_font_init	1DE2
		_cls	1E04
		.cls	1E04
		.cr_curs	1E36
		.adv_curs	1E4B
		.tmode	1EA7
		.tmode_out	1ED0
		_font_load_ibm_fixed	1EE0
		_font_ibm_fixed	1EE7
		_font_ibm_fixed_tiles	1FE9
		.gmode	27E9
		.vbl	284B
		.lcd	2856
		.draw_image	2863
		.switch_data	286D
		_switch_data	28A4
		_draw_image	28BF
		.y_table	28D2
		.padup	29F2
		_waitpadup	29F2
		.jpad	2A02
		.wait_pad	2A2F
		_joypad	2A36
		_waitpad	2A3B
		.init_vram	2A45
		.init_wtt	2A53
		.init_btt	2A63
		.init_tt	2A71
		.copy_vram	2A77
		_get_data	2A86
		_set_data	2A86
AREA _LIT
	RADIX HEX
	BASE 2A99
	SIZE 0000
	ATTRIB REL CON
AREA _GSINIT
	RADIX HEX
	BASE 2A99
	SIZE 001D
	ATTRIB REL CON
	GLOBALS
		gsinit	2A99
AREA _GSINITTAIL
	RADIX HEX
	BASE 2AB6
	SIZE 0001
	ATTRIB REL CON
AREA _GSFINAL
	RADIX HEX
	BASE 2AB7
	SIZE 0000
	ATTRIB REL CON
AREA _DATA
	RADIX HEX
	BASE C0A0
	SIZE 000E
	ATTRIB REL CON
	GLOBALS
		_i	C0A0
		__input1	C0A1
		__input2	C0A5
		__answer	C0A9
		__oper	C0AD
AREA _BSS
	RADIX HEX
	BASE C0AE
	SIZE 0087
	ATTRIB REL CON
	GLOBALS
		__cpu	C0AE
		.mode	C0AF
		__io_out	C0B0
		__io_in	C0B1
		__io_status	C0B2
		.vbl_done	C0B3
		__current_bank	C0B4
		_sys_time	C0B5
		.sys_time	C0B5
		.int_0x40	C0B7
		.int_0x48	C0C7
		.int_0x50	C0D7
		.int_0x58	C0E7
		.int_0x60	C0F7
		font_current	C107
		font_first_free_tile	C10A
		font_table	C10B
		.curx	C11D
		.cury	C11E
		.fg_colour	C11F
		.bg_colour	C120
AREA _HEAP
	RADIX HEX
	BASE C135
	SIZE 0000
	ATTRIB REL CON
	GLOBALS
		_malloc_heap_start	C135
AREA _OVERLAY
	RADIX HEX
	BASE C135
	SIZE 0000
	ATTRIB REL CON
AREA _ISEG
	RADIX HEX
	BASE C135
	SIZE 0000
	ATTRIB REL CON
AREA _BSEG
	RADIX HEX
	BASE C135
	SIZE 0000
	ATTRIB REL CON
AREA _XSEG
	RADIX HEX
	BASE C135
	SIZE 0000
	ATTRIB REL CON
MODULES
	FILE /opt/gbdk/lib/small/asxxxx/gb/crt0.o
		NAME Runtime
	FILE calcboy.o
		NAME lcc249400
LIBRARIES
	LIBRARY /opt/gbdk/lib/small/asxxxx/gb/gb.lib
		MODULE font.o
	LIBRARY /opt/gbdk/lib/small/asxxxx/gb/gb.lib
		MODULE ibmfixed.o
	LIBRARY /opt/gbdk/lib/small/asxxxx/gb/gb.lib
		MODULE drawing.o
	LIBRARY /opt/gbdk/lib/small/asxxxx/gb/gb.lib
		MODULE pad.o
	LIBRARY /opt/gbdk/lib/small/asxxxx/gbz80/gbz80.lib
		MODULE stubs.o
	LIBRARY /opt/gbdk/lib/small/asxxxx/gbz80/gbz80.lib
		MODULE printf.o
	LIBRARY /opt/gbdk/lib/small/asxxxx/gb/gb.lib
		MODULE init_tt.o
	LIBRARY /opt/gbdk/lib/small/asxxxx/gb/gb.lib
		MODULE cpy_data.o
	LIBRARY /opt/gbdk/lib/small/asxxxx/gbz80/gbz80.lib
		MODULE div.o
	LIBRARY /opt/gbdk/lib/small/asxxxx/gbz80/gbz80.lib
		MODULE shift.o
	LIBRARY /opt/gbdk/lib/small/asxxxx/gbz80/gbz80.lib
		MODULE mul.o
	LIBRARY /opt/gbdk/lib/small/asxxxx/gbz80/gbz80.lib
		MODULE _modslong.o
	LIBRARY /opt/gbdk/lib/small/asxxxx/gbz80/gbz80.lib
		MODULE _modulong.o
	LIBRARY /opt/gbdk/lib/small/asxxxx/gbz80/gbz80.lib
		MODULE _divslong.o
	LIBRARY /opt/gbdk/lib/small/asxxxx/gbz80/gbz80.lib
		MODULE _divulong.o
	LIBRARY /opt/gbdk/lib/small/asxxxx/gbz80/gbz80.lib
		MODULE _mullong.o
USERBASEDEF
	_CODE=0x0200
	_DATA=0xC0A0
	_CODE_1=0x4000
USERGLOBALDEF
	.OAM=0xC000
	.STACK=0xE000
	.refresh_OAM=0xFF80
	.init=0x0000
