                              1 ;--------------------------------------------------------
                              2 ; File Created by SDCC : FreeWare ANSI-C Compiler
                              3 ; Version 2.3.1 Sat Jun  7 21:19:09 2014
                              4 
                              5 ;--------------------------------------------------------
                              6 	.module lcc236700
                              7 	
                              8 ;--------------------------------------------------------
                              9 ; Public variables in this module
                             10 ;--------------------------------------------------------
                             11 	.globl _main
                             12 	.globl __oper
                             13 	.globl __answer
                             14 	.globl __input2
                             15 	.globl __input1
                             16 	.globl _i
                             17 	.globl _clear_disp
                             18 	.globl _draw_screen
                             19 	.globl _select_op
                             20 	.globl _calc_ans
                             21 	.globl _redraw_in1
                             22 	.globl _redraw_in2
                             23 	.globl _redraw_op
                             24 	.globl _redraw_ans
                             25 ;--------------------------------------------------------
                             26 ; special function registers
                             27 ;--------------------------------------------------------
                             28 ;--------------------------------------------------------
                             29 ; special function bits 
                             30 ;--------------------------------------------------------
                             31 ;--------------------------------------------------------
                             32 ; internal ram data
                             33 ;--------------------------------------------------------
                             34 	.area _DATA
   0000                      35 _i::
   0000                      36 	.ds 1
   0001                      37 __input1::
   0001                      38 	.ds 4
   0005                      39 __input2::
   0005                      40 	.ds 4
   0009                      41 __answer::
   0009                      42 	.ds 4
   000D                      43 __oper::
   000D                      44 	.ds 1
                             45 ;--------------------------------------------------------
                             46 ; overlayable items in internal ram 
                             47 ;--------------------------------------------------------
                             48 	.area _OVERLAY
                             49 ;--------------------------------------------------------
                             50 ; indirectly addressable internal ram data
                             51 ;--------------------------------------------------------
                             52 	.area _ISEG
                             53 ;--------------------------------------------------------
                             54 ; bit data
                             55 ;--------------------------------------------------------
                             56 	.area _BSEG
                             57 ;--------------------------------------------------------
                             58 ; external ram data
                             59 ;--------------------------------------------------------
                             60 	.area _XSEG
                             61 ;--------------------------------------------------------
                             62 ; global & static initialisations
                             63 ;--------------------------------------------------------
                             64 	.area _GSINIT
                             65 	.area _GSFINAL
                             66 	.area _GSINIT
                             67 ;	calcboy.c 31
                             68 ;	genAssign
                             69 ;	AOP_HL for __input1
   0000 AF                   70 	xor	a,a
   0001 21 01 00             71 	ld	hl,#__input1
   0004 22                   72 	ld	(hl+),a
   0005 22                   73 	ld	(hl+),a
   0006 22                   74 	ld	(hl+),a
   0007 77                   75 	ld	(hl),a
                             76 ;	calcboy.c 32
                             77 ;	genAssign
                             78 ;	AOP_HL for __input2
   0008 AF                   79 	xor	a,a
   0009 21 05 00             80 	ld	hl,#__input2
   000C 22                   81 	ld	(hl+),a
   000D 22                   82 	ld	(hl+),a
   000E 22                   83 	ld	(hl+),a
   000F 77                   84 	ld	(hl),a
                             85 ;	calcboy.c 33
                             86 ;	genAssign
                             87 ;	AOP_HL for __answer
   0010 AF                   88 	xor	a,a
   0011 21 09 00             89 	ld	hl,#__answer
   0014 22                   90 	ld	(hl+),a
   0015 22                   91 	ld	(hl+),a
   0016 22                   92 	ld	(hl+),a
   0017 77                   93 	ld	(hl),a
                             94 ;	calcboy.c 34
                             95 ;	genAssign
                             96 ;	AOP_HL for __oper
   0018 21 0D 00             97 	ld	hl,#__oper
   001B 36 2B                98 	ld	(hl),#0x2B
                             99 ;--------------------------------------------------------
                            100 ; Home
                            101 ;--------------------------------------------------------
                            102 	.area _HOME
                            103 	.area _CODE
                            104 ;--------------------------------------------------------
                            105 ; code
                            106 ;--------------------------------------------------------
                            107 	.area _CODE
                            108 ;	calcboy.c 46
                            109 ;	genLabel
                            110 ;	genFunction
                            111 ;	---------------------------------
                            112 ; Function main
                            113 ; ---------------------------------
   0000                     114 ___main_start:
   0000                     115 _main:
                            116 	
                            117 ;	calcboy.c 47
                            118 ;	genCall
                            119 ; _saveRegsForCall: sendSetSize: 0 deInUse: 0 bcInUse: 0 deSending: 0
   0000 CD D5 00            120 	call	_draw_screen
                            121 ;	calcboy.c 50
                            122 ;	genLabel
   0003                     123 00109$:
                            124 ;	calcboy.c 51
                            125 ;	genCall
                            126 ; _saveRegsForCall: sendSetSize: 0 deInUse: 0 bcInUse: 0 deSending: 0
   0003 CD 00 00            127 	call	_joypad
   0006 4B                  128 	ld	c,e
                            129 ;	genCmpEq
                            130 ; genCmpEq: left 1, right 1, result 0
   0007 79                  131 	ld	a,c
   0008 FE 01               132 	cp	a,#0x01
   000A CA 53 00            133 	jp	z,00102$
   000D                     134 00120$:
                            135 ;	genCmpEq
                            136 ; genCmpEq: left 1, right 1, result 0
   000D 79                  137 	ld	a,c
   000E FE 02               138 	cp	a,#0x02
   0010 CA 2E 00            139 	jp	z,00101$
   0013                     140 00121$:
                            141 ;	genCmpEq
                            142 ; genCmpEq: left 1, right 1, result 0
   0013 79                  143 	ld	a,c
   0014 FE 04               144 	cp	a,#0x04
   0016 CA 69 00            145 	jp	z,00103$
   0019                     146 00122$:
                            147 ;	genCmpEq
                            148 ; genCmpEq: left 1, right 1, result 0
   0019 79                  149 	ld	a,c
   001A FE 08               150 	cp	a,#0x08
   001C CA 7F 00            151 	jp	z,00104$
   001F                     152 00123$:
                            153 ;	genCmpEq
                            154 ; genCmpEq: left 1, right 1, result 0
   001F 79                  155 	ld	a,c
   0020 FE 40               156 	cp	a,#0x40
   0022 CA AA 00            157 	jp	z,00106$
   0025                     158 00124$:
                            159 ;	genCmpEq
                            160 ; genCmpEq: left 1, right 1, result 0
   0025 79                  161 	ld	a,c
   0026 FE 80               162 	cp	a,#0x80
   0028 CA A4 00            163 	jp	z,00105$
   002B                     164 00125$:
                            165 ;	genGoto
   002B C3 03 00            166 	jp	00109$
                            167 ;	calcboy.c 53
                            168 ;	genLabel
   002E                     169 00101$:
                            170 ;	genMinus
                            171 ;	AOP_HL for __input1
   002E 21 01 00            172 	ld	hl,#__input1
   0031 5E                  173 	ld	e,(hl)
   0032 23                  174 	inc	hl
   0033 56                  175 	ld	d,(hl)
   0034 7B                  176 	ld	a,e
   0035 D6 01               177 	sub	a,#0x01
   0037 5F                  178 	ld	e,a
   0038 7A                  179 	ld	a,d
   0039 DE 00               180 	sbc	a,#0x00
   003B F5                  181 	push	af
   003C 32                  182 	ld      (hl-),a
   003D 73                  183 	ld	(hl),e
   003E 23                  184 	inc	hl
   003F 23                  185 	inc	hl
   0040 5E                  186 	ld	e,(hl)
   0041 23                  187 	inc	hl
   0042 56                  188 	ld	d,(hl)
   0043 F1                  189 	pop	af
   0044 7B                  190 	ld	a,e
   0045 DE 00               191 	sbc	a,#0x00
   0047 5F                  192 	ld	e,a
   0048 7A                  193 	ld	a,d
   0049 DE 00               194 	sbc	a,#0x00
   004B 32                  195 	ld      (hl-),a
   004C 73                  196 	ld	(hl),e
                            197 ;	calcboy.c 54
                            198 ;	genCall
                            199 ; _saveRegsForCall: sendSetSize: 0 deInUse: 0 bcInUse: 0 deSending: 0
   004D CD C0 03            200 	call	_redraw_in1
                            201 ;	calcboy.c 55
                            202 ;	genGoto
   0050 C3 03 00            203 	jp	00109$
                            204 ;	calcboy.c 57
                            205 ;	genLabel
   0053                     206 00102$:
                            207 ;	genPlus
                            208 ;	AOP_HL for __input1
                            209 ;	genPlusIncr
   0053 21 01 00            210 	ld	hl,#__input1
   0056 34                  211 	inc	(hl)
   0057 20 0A               212 	jr	nz,00126$
   0059 23                  213 	inc	hl
   005A 34                  214 	inc	(hl)
   005B 20 06               215 	jr	nz,00126$
   005D 23                  216 	inc	hl
   005E 34                  217 	inc	(hl)
   005F 20 02               218 	jr	nz,00126$
   0061 23                  219 	inc	hl
   0062 34                  220 	inc	(hl)
   0063                     221 00126$:
                            222 ;	calcboy.c 58
                            223 ;	genCall
                            224 ; _saveRegsForCall: sendSetSize: 0 deInUse: 0 bcInUse: 0 deSending: 0
   0063 CD C0 03            225 	call	_redraw_in1
                            226 ;	calcboy.c 59
                            227 ;	genGoto
   0066 C3 03 00            228 	jp	00109$
                            229 ;	calcboy.c 61
                            230 ;	genLabel
   0069                     231 00103$:
                            232 ;	genPlus
                            233 ;	AOP_HL for __input2
                            234 ;	genPlusIncr
   0069 21 05 00            235 	ld	hl,#__input2
   006C 34                  236 	inc	(hl)
   006D 20 0A               237 	jr	nz,00127$
   006F 23                  238 	inc	hl
   0070 34                  239 	inc	(hl)
   0071 20 06               240 	jr	nz,00127$
   0073 23                  241 	inc	hl
   0074 34                  242 	inc	(hl)
   0075 20 02               243 	jr	nz,00127$
   0077 23                  244 	inc	hl
   0078 34                  245 	inc	(hl)
   0079                     246 00127$:
                            247 ;	calcboy.c 62
                            248 ;	genCall
                            249 ; _saveRegsForCall: sendSetSize: 0 deInUse: 0 bcInUse: 0 deSending: 0
   0079 CD E4 03            250 	call	_redraw_in2
                            251 ;	calcboy.c 63
                            252 ;	genGoto
   007C C3 03 00            253 	jp	00109$
                            254 ;	calcboy.c 65
                            255 ;	genLabel
   007F                     256 00104$:
                            257 ;	genMinus
                            258 ;	AOP_HL for __input2
   007F 21 05 00            259 	ld	hl,#__input2
   0082 5E                  260 	ld	e,(hl)
   0083 23                  261 	inc	hl
   0084 56                  262 	ld	d,(hl)
   0085 7B                  263 	ld	a,e
   0086 D6 01               264 	sub	a,#0x01
   0088 5F                  265 	ld	e,a
   0089 7A                  266 	ld	a,d
   008A DE 00               267 	sbc	a,#0x00
   008C F5                  268 	push	af
   008D 32                  269 	ld      (hl-),a
   008E 73                  270 	ld	(hl),e
   008F 23                  271 	inc	hl
   0090 23                  272 	inc	hl
   0091 5E                  273 	ld	e,(hl)
   0092 23                  274 	inc	hl
   0093 56                  275 	ld	d,(hl)
   0094 F1                  276 	pop	af
   0095 7B                  277 	ld	a,e
   0096 DE 00               278 	sbc	a,#0x00
   0098 5F                  279 	ld	e,a
   0099 7A                  280 	ld	a,d
   009A DE 00               281 	sbc	a,#0x00
   009C 32                  282 	ld      (hl-),a
   009D 73                  283 	ld	(hl),e
                            284 ;	calcboy.c 66
                            285 ;	genCall
                            286 ; _saveRegsForCall: sendSetSize: 0 deInUse: 0 bcInUse: 0 deSending: 0
   009E CD E4 03            287 	call	_redraw_in2
                            288 ;	calcboy.c 67
                            289 ;	genGoto
   00A1 C3 03 00            290 	jp	00109$
                            291 ;	calcboy.c 69
                            292 ;	genLabel
   00A4                     293 00105$:
                            294 ;	genCall
                            295 ; _saveRegsForCall: sendSetSize: 0 deInUse: 0 bcInUse: 0 deSending: 0
   00A4 CD CD 02            296 	call	_calc_ans
                            297 ;	calcboy.c 70
                            298 ;	genGoto
   00A7 C3 03 00            299 	jp	00109$
                            300 ;	calcboy.c 72
                            301 ;	genLabel
   00AA                     302 00106$:
                            303 ;	genCall
                            304 ; _saveRegsForCall: sendSetSize: 0 deInUse: 0 bcInUse: 0 deSending: 0
   00AA CD 74 02            305 	call	_select_op
                            306 ;	calcboy.c 74
                            307 ;	genGoto
   00AD C3 03 00            308 	jp	00109$
                            309 ;	calcboy.c 77
                            310 ;	genLabel
   00B0                     311 00111$:
                            312 ;	genEndFunction
                            313 	
   00B0 C9                  314 	ret
   00B1                     315 ___main_end:
                            316 ;	calcboy.c 83
                            317 ;	genLabel
                            318 ;	genFunction
                            319 ;	---------------------------------
                            320 ; Function clear_disp
                            321 ; ---------------------------------
   00B1                     322 ___clear_disp_start:
   00B1                     323 _clear_disp:
                            324 	
                            325 ;	calcboy.c 84
                            326 ;	genAssign
                            327 ;	AOP_HL for _i
   00B1 21 00 00            328 	ld	hl,#_i
   00B4 36 00               329 	ld	(hl),#0x00
                            330 ;	genLabel
   00B6                     331 00101$:
                            332 ;	genCmpLt
                            333 ;	AOP_HL for _i
   00B6 21 00 00            334 	ld	hl,#_i
   00B9 7E                  335 	ld	a,(hl)
   00BA EE 80               336 	xor	a,#0x80
   00BC FE 92               337 	cp	#0x12^0x80
   00BE D2 D1 00            338 	jp	nc,00105$
                            339 ;	calcboy.c 85
                            340 ;	genIpush
                            341 ; _saveRegsForCall: sendSetSize: 0 deInUse: 0 bcInUse: 0 deSending: 0
   00C1 21 D2 00            342 	ld	hl,#__str_0
   00C4 E5                  343 	push	hl
                            344 ;	genCall
   00C5 CD 00 00            345 	call	_printf
   00C8 E8 02               346 	lda	sp,2(sp)
                            347 ;	calcboy.c 84
                            348 ;	genPlus
                            349 ;	AOP_HL for _i
                            350 ;	genPlusIncr
   00CA 21 00 00            351 	ld	hl,#_i
   00CD 34                  352 	inc	(hl)
                            353 ;	genGoto
   00CE C3 B6 00            354 	jp	00101$
                            355 ;	genLabel
   00D1                     356 00105$:
                            357 ;	genEndFunction
                            358 	
   00D1 C9                  359 	ret
   00D2                     360 ___clear_disp_end:
   00D2                     361 __str_0:
   00D2 20                  362 	.ascii " "
   00D3 0A                  363 	.db 0x0A
   00D4 00                  364 	.db 0x00
                            365 ;	calcboy.c 92
                            366 ;	genLabel
                            367 ;	genFunction
                            368 ;	---------------------------------
                            369 ; Function draw_screen
                            370 ; ---------------------------------
   00D5                     371 ___draw_screen_start:
   00D5                     372 _draw_screen:
                            373 	
                            374 ;	calcboy.c 93
                            375 ;	genIpush
                            376 ; _saveRegsForCall: sendSetSize: 0 deInUse: 0 bcInUse: 0 deSending: 0
   00D5 21 AB 01            377 	ld	hl,#__str_1
   00D8 E5                  378 	push	hl
                            379 ;	genCall
   00D9 CD 00 00            380 	call	_printf
   00DC E8 02               381 	lda	sp,2(sp)
                            382 ;	calcboy.c 94
                            383 ;	genIpush
                            384 ; _saveRegsForCall: sendSetSize: 0 deInUse: 0 bcInUse: 0 deSending: 0
   00DE 21 AE 01            385 	ld	hl,#__str_2
   00E1 E5                  386 	push	hl
                            387 ;	genCall
   00E2 CD 00 00            388 	call	_printf
   00E5 E8 02               389 	lda	sp,2(sp)
                            390 ;	calcboy.c 95
                            391 ;	genIpush
                            392 ; _saveRegsForCall: sendSetSize: 0 deInUse: 0 bcInUse: 0 deSending: 0
   00E7 21 C3 01            393 	ld	hl,#__str_3
   00EA E5                  394 	push	hl
                            395 ;	genCall
   00EB CD 00 00            396 	call	_printf
   00EE E8 02               397 	lda	sp,2(sp)
                            398 ;	calcboy.c 96
                            399 ;	genIpush
                            400 ; _saveRegsForCall: sendSetSize: 0 deInUse: 0 bcInUse: 0 deSending: 0
   00F0 21 CD 01            401 	ld	hl,#__str_4
   00F3 E5                  402 	push	hl
                            403 ;	genCall
   00F4 CD 00 00            404 	call	_printf
   00F7 E8 02               405 	lda	sp,2(sp)
                            406 ;	calcboy.c 97
                            407 ;	genIpush
                            408 ; _saveRegsForCall: sendSetSize: 0 deInUse: 0 bcInUse: 0 deSending: 0
                            409 ;	AOP_HL for __input1
   00F9 21 03 00            410 	ld	hl,#__input1 + 2
   00FC 2A                  411 	ld	a,(hl+)
   00FD 66                  412 	ld	h,(hl)
   00FE 6F                  413 	ld	l,a
   00FF E5                  414 	push	hl
   0100 21 01 00            415 	ld	hl,#__input1
   0103 2A                  416 	ld	a,(hl+)
   0104 66                  417 	ld	h,(hl)
   0105 6F                  418 	ld	l,a
   0106 E5                  419 	push	hl
                            420 ;	genIpush
   0107 21 D0 01            421 	ld	hl,#__str_5
   010A E5                  422 	push	hl
                            423 ;	genCall
   010B CD 00 00            424 	call	_printf
   010E E8 06               425 	lda	sp,6(sp)
                            426 ;	calcboy.c 98
                            427 ;	genIpush
                            428 ; _saveRegsForCall: sendSetSize: 0 deInUse: 0 bcInUse: 0 deSending: 0
   0110 21 DF 01            429 	ld	hl,#__str_6
   0113 E5                  430 	push	hl
                            431 ;	genCall
   0114 CD 00 00            432 	call	_printf
   0117 E8 02               433 	lda	sp,2(sp)
                            434 ;	calcboy.c 99
                            435 ;	genIpush
                            436 ; _saveRegsForCall: sendSetSize: 0 deInUse: 0 bcInUse: 0 deSending: 0
                            437 ;	AOP_HL for __input2
   0119 21 07 00            438 	ld	hl,#__input2 + 2
   011C 2A                  439 	ld	a,(hl+)
   011D 66                  440 	ld	h,(hl)
   011E 6F                  441 	ld	l,a
   011F E5                  442 	push	hl
   0120 21 05 00            443 	ld	hl,#__input2
   0123 2A                  444 	ld	a,(hl+)
   0124 66                  445 	ld	h,(hl)
   0125 6F                  446 	ld	l,a
   0126 E5                  447 	push	hl
                            448 ;	genIpush
   0127 21 E1 01            449 	ld	hl,#__str_7
   012A E5                  450 	push	hl
                            451 ;	genCall
   012B CD 00 00            452 	call	_printf
   012E E8 06               453 	lda	sp,6(sp)
                            454 ;	calcboy.c 100
                            455 ;	genIpush
                            456 ; _saveRegsForCall: sendSetSize: 0 deInUse: 0 bcInUse: 0 deSending: 0
   0130 21 F0 01            457 	ld	hl,#__str_8
   0133 E5                  458 	push	hl
                            459 ;	genCall
   0134 CD 00 00            460 	call	_printf
   0137 E8 02               461 	lda	sp,2(sp)
                            462 ;	calcboy.c 101
                            463 ;	genCast
                            464 ;	AOP_HL for __oper
   0139 21 0D 00            465 	ld	hl,#__oper
   013C 4E                  466 	ld	c,(hl)
   013D 7E                  467 	ld	a,(hl)
   013E 17                  468 	rla	
   013F 9F                  469 	sbc	a,a
   0140 47                  470 	ld	b,a
                            471 ;	genIpush
                            472 ; _saveRegsForCall: sendSetSize: 0 deInUse: 0 bcInUse: 0 deSending: 0
   0141 C5                  473 	push	bc
                            474 ;	genIpush
   0142 21 F2 01            475 	ld	hl,#__str_9
   0145 E5                  476 	push	hl
                            477 ;	genCall
   0146 CD 00 00            478 	call	_printf
   0149 E8 04               479 	lda	sp,4(sp)
                            480 ;	calcboy.c 102
                            481 ;	genIpush
                            482 ; _saveRegsForCall: sendSetSize: 0 deInUse: 0 bcInUse: 0 deSending: 0
   014B 21 01 02            483 	ld	hl,#__str_10
   014E E5                  484 	push	hl
                            485 ;	genCall
   014F CD 00 00            486 	call	_printf
   0152 E8 02               487 	lda	sp,2(sp)
                            488 ;	calcboy.c 103
                            489 ;	genIpush
                            490 ; _saveRegsForCall: sendSetSize: 0 deInUse: 0 bcInUse: 0 deSending: 0
                            491 ;	AOP_HL for __answer
   0154 21 0B 00            492 	ld	hl,#__answer + 2
   0157 2A                  493 	ld	a,(hl+)
   0158 66                  494 	ld	h,(hl)
   0159 6F                  495 	ld	l,a
   015A E5                  496 	push	hl
   015B 21 09 00            497 	ld	hl,#__answer
   015E 2A                  498 	ld	a,(hl+)
   015F 66                  499 	ld	h,(hl)
   0160 6F                  500 	ld	l,a
   0161 E5                  501 	push	hl
                            502 ;	genIpush
   0162 21 03 02            503 	ld	hl,#__str_11
   0165 E5                  504 	push	hl
                            505 ;	genCall
   0166 CD 00 00            506 	call	_printf
   0169 E8 06               507 	lda	sp,6(sp)
                            508 ;	calcboy.c 104
                            509 ;	genIpush
                            510 ; _saveRegsForCall: sendSetSize: 0 deInUse: 0 bcInUse: 0 deSending: 0
   016B 21 12 02            511 	ld	hl,#__str_12
   016E E5                  512 	push	hl
                            513 ;	genCall
   016F CD 00 00            514 	call	_printf
   0172 E8 02               515 	lda	sp,2(sp)
                            516 ;	calcboy.c 105
                            517 ;	genIpush
                            518 ; _saveRegsForCall: sendSetSize: 0 deInUse: 0 bcInUse: 0 deSending: 0
   0174 21 16 02            519 	ld	hl,#__str_13
   0177 E5                  520 	push	hl
                            521 ;	genCall
   0178 CD 00 00            522 	call	_printf
   017B E8 02               523 	lda	sp,2(sp)
                            524 ;	calcboy.c 106
                            525 ;	genIpush
                            526 ; _saveRegsForCall: sendSetSize: 0 deInUse: 0 bcInUse: 0 deSending: 0
   017D 21 1D 02            527 	ld	hl,#__str_14
   0180 E5                  528 	push	hl
                            529 ;	genCall
   0181 CD 00 00            530 	call	_printf
   0184 E8 02               531 	lda	sp,2(sp)
                            532 ;	calcboy.c 107
                            533 ;	genIpush
                            534 ; _saveRegsForCall: sendSetSize: 0 deInUse: 0 bcInUse: 0 deSending: 0
   0186 21 25 02            535 	ld	hl,#__str_15
   0189 E5                  536 	push	hl
                            537 ;	genCall
   018A CD 00 00            538 	call	_printf
   018D E8 02               539 	lda	sp,2(sp)
                            540 ;	calcboy.c 108
                            541 ;	genIpush
                            542 ; _saveRegsForCall: sendSetSize: 0 deInUse: 0 bcInUse: 0 deSending: 0
   018F 21 3A 02            543 	ld	hl,#__str_16
   0192 E5                  544 	push	hl
                            545 ;	genCall
   0193 CD 00 00            546 	call	_printf
   0196 E8 02               547 	lda	sp,2(sp)
                            548 ;	calcboy.c 109
                            549 ;	genIpush
                            550 ; _saveRegsForCall: sendSetSize: 0 deInUse: 0 bcInUse: 0 deSending: 0
   0198 21 4E 02            551 	ld	hl,#__str_17
   019B E5                  552 	push	hl
                            553 ;	genCall
   019C CD 00 00            554 	call	_printf
   019F E8 02               555 	lda	sp,2(sp)
                            556 ;	calcboy.c 110
                            557 ;	genIpush
                            558 ; _saveRegsForCall: sendSetSize: 0 deInUse: 0 bcInUse: 0 deSending: 0
   01A1 21 62 02            559 	ld	hl,#__str_18
   01A4 E5                  560 	push	hl
                            561 ;	genCall
   01A5 CD 00 00            562 	call	_printf
   01A8 E8 02               563 	lda	sp,2(sp)
                            564 ;	genLabel
   01AA                     565 00101$:
                            566 ;	genEndFunction
                            567 	
   01AA C9                  568 	ret
   01AB                     569 ___draw_screen_end:
   01AB                     570 __str_1:
   01AB 20                  571 	.ascii " "
   01AC 0A                  572 	.db 0x0A
   01AD 00                  573 	.db 0x00
   01AE                     574 __str_2:
   01AE 20 43 41 4C 43 42   575 	.ascii " CALCBOY   by ipavl"
        4F 59 20 20 20 62
        79 20 69 70 61 76
        6C
   01C1 0A                  576 	.db 0x0A
   01C2 00                  577 	.db 0x00
   01C3                     578 __str_3:
   01C3 20 2D 2D 2D 2D 2D   579 	.ascii " -------"
        2D 2D
   01CB 0A                  580 	.db 0x0A
   01CC 00                  581 	.db 0x00
   01CD                     582 __str_4:
   01CD 20                  583 	.ascii " "
   01CE 0A                  584 	.db 0x0A
   01CF 00                  585 	.db 0x00
   01D0                     586 __str_5:
   01D0 20 20 20 49 6E 70   587 	.ascii "   Input 1: %u"
        75 74 20 31 3A 20
        25 75
   01DE 00                  588 	.db 0x00
   01DF                     589 __str_6:
   01DF 0A                  590 	.db 0x0A
   01E0 00                  591 	.db 0x00
   01E1                     592 __str_7:
   01E1 20 20 20 49 6E 70   593 	.ascii "   Input 2: %u"
        75 74 20 32 3A 20
        25 75
   01EF 00                  594 	.db 0x00
   01F0                     595 __str_8:
   01F0 0A                  596 	.db 0x0A
   01F1 00                  597 	.db 0x00
   01F2                     598 __str_9:
   01F2 20 4F 70 65 72 61   599 	.ascii " Operation: %c"
        74 69 6F 6E 3A 20
        25 63
   0200 00                  600 	.db 0x00
   0201                     601 __str_10:
   0201 0A                  602 	.db 0x0A
   0202 00                  603 	.db 0x00
   0203                     604 __str_11:
   0203 20 20 20 20 41 6E   605 	.ascii "    Answer: %u"
        73 77 65 72 3A 20
        25 75
   0211 00                  606 	.db 0x00
   0212                     607 __str_12:
   0212 0A                  608 	.db 0x0A
   0213 20                  609 	.ascii " "
   0214 0A                  610 	.db 0x0A
   0215 00                  611 	.db 0x00
   0216                     612 __str_13:
   0216 20 48 45 4C 50      613 	.ascii " HELP"
   021B 0A                  614 	.db 0x0A
   021C 00                  615 	.db 0x00
   021D                     616 __str_14:
   021D 20 2D 2D 2D 2D      617 	.ascii " ----"
   0222 0A                  618 	.db 0x0A
   0223 0A                  619 	.db 0x0A
   0224 00                  620 	.db 0x00
   0225                     621 __str_15:
   0225 20 49 6E 70 75 74   622 	.ascii " Input 1: LEFT/RIGHT"
        20 31 3A 20 4C 45
        46 54 2F 52 49 47
        48 54
   0239 00                  623 	.db 0x00
   023A                     624 __str_16:
   023A 20 49 6E 70 75 74   625 	.ascii " Input 2: UP/DOWN"
        20 32 3A 20 55 50
        2F 44 4F 57 4E
   024B 0A                  626 	.db 0x0A
   024C 0A                  627 	.db 0x0A
   024D 00                  628 	.db 0x00
   024E                     629 __str_17:
   024E 20 4F 70 65 72 61   630 	.ascii " Operation: SELECT"
        74 69 6F 6E 3A 20
        53 45 4C 45 43 54
   0260 0A                  631 	.db 0x0A
   0261 00                  632 	.db 0x00
   0262                     633 __str_18:
   0262 20 43 61 6C 63 75   634 	.ascii " Calculate: START"
        6C 61 74 65 3A 20
        53 54 41 52 54
   0273 00                  635 	.db 0x00
                            636 ;	calcboy.c 117
                            637 ;	genLabel
                            638 ;	genFunction
                            639 ;	---------------------------------
                            640 ; Function select_op
                            641 ; ---------------------------------
   0274                     642 ___select_op_start:
   0274                     643 _select_op:
                            644 	
                            645 ;	calcboy.c 118
                            646 ;	genCmpEq
                            647 ;	AOP_HL for __oper
                            648 ; genCmpEq: left 1, right 1, result 0
   0274 21 0D 00            649 	ld	hl,#__oper
   0277 7E                  650 	ld	a,(hl)
   0278 FE 2B               651 	cp	a,#0x2B
   027A C2 8A 02            652 	jp	nz,00110$
   027D 18 03               653 	jr	00119$
   027F                     654 00118$:
   027F C3 8A 02            655 	jp	00110$
   0282                     656 00119$:
                            657 ;	calcboy.c 119
                            658 ;	genAssign
                            659 ;	AOP_HL for __oper
   0282 21 0D 00            660 	ld	hl,#__oper
   0285 36 2D               661 	ld	(hl),#0x2D
                            662 ;	genGoto
   0287 C3 C9 02            663 	jp	00111$
                            664 ;	genLabel
   028A                     665 00110$:
                            666 ;	calcboy.c 120
                            667 ;	genCmpEq
                            668 ;	AOP_HL for __oper
                            669 ; genCmpEq: left 1, right 1, result 0
   028A 21 0D 00            670 	ld	hl,#__oper
   028D 7E                  671 	ld	a,(hl)
   028E FE 2D               672 	cp	a,#0x2D
   0290 C2 A0 02            673 	jp	nz,00107$
   0293 18 03               674 	jr	00121$
   0295                     675 00120$:
   0295 C3 A0 02            676 	jp	00107$
   0298                     677 00121$:
                            678 ;	calcboy.c 121
                            679 ;	genAssign
                            680 ;	AOP_HL for __oper
   0298 21 0D 00            681 	ld	hl,#__oper
   029B 36 2A               682 	ld	(hl),#0x2A
                            683 ;	genGoto
   029D C3 C9 02            684 	jp	00111$
                            685 ;	genLabel
   02A0                     686 00107$:
                            687 ;	calcboy.c 122
                            688 ;	genCmpEq
                            689 ;	AOP_HL for __oper
                            690 ; genCmpEq: left 1, right 1, result 0
   02A0 21 0D 00            691 	ld	hl,#__oper
   02A3 7E                  692 	ld	a,(hl)
   02A4 FE 2A               693 	cp	a,#0x2A
   02A6 C2 B6 02            694 	jp	nz,00104$
   02A9 18 03               695 	jr	00123$
   02AB                     696 00122$:
   02AB C3 B6 02            697 	jp	00104$
   02AE                     698 00123$:
                            699 ;	calcboy.c 123
                            700 ;	genAssign
                            701 ;	AOP_HL for __oper
   02AE 21 0D 00            702 	ld	hl,#__oper
   02B1 36 2F               703 	ld	(hl),#0x2F
                            704 ;	genGoto
   02B3 C3 C9 02            705 	jp	00111$
                            706 ;	genLabel
   02B6                     707 00104$:
                            708 ;	calcboy.c 124
                            709 ;	genCmpEq
                            710 ;	AOP_HL for __oper
                            711 ; genCmpEq: left 1, right 1, result 0
   02B6 21 0D 00            712 	ld	hl,#__oper
   02B9 7E                  713 	ld	a,(hl)
   02BA FE 2F               714 	cp	a,#0x2F
   02BC C2 C9 02            715 	jp	nz,00111$
   02BF 18 03               716 	jr	00125$
   02C1                     717 00124$:
   02C1 C3 C9 02            718 	jp	00111$
   02C4                     719 00125$:
                            720 ;	calcboy.c 125
                            721 ;	genAssign
                            722 ;	AOP_HL for __oper
   02C4 21 0D 00            723 	ld	hl,#__oper
   02C7 36 2B               724 	ld	(hl),#0x2B
                            725 ;	genLabel
   02C9                     726 00111$:
                            727 ;	calcboy.c 128
                            728 ;	genCall
                            729 ; _saveRegsForCall: sendSetSize: 0 deInUse: 0 bcInUse: 0 deSending: 0
   02C9 CD 08 04            730 	call	_redraw_op
                            731 ;	genLabel
   02CC                     732 00112$:
                            733 ;	genEndFunction
                            734 	
   02CC C9                  735 	ret
   02CD                     736 ___select_op_end:
                            737 ;	calcboy.c 135
                            738 ;	genLabel
                            739 ;	genFunction
                            740 ;	---------------------------------
                            741 ; Function calc_ans
                            742 ; ---------------------------------
   02CD                     743 ___calc_ans_start:
   02CD                     744 _calc_ans:
                            745 	
                            746 ;	calcboy.c 136
                            747 ;	genCmpEq
                            748 ;	AOP_HL for __oper
                            749 ; genCmpEq: left 1, right 1, result 0
   02CD 21 0D 00            750 	ld	hl,#__oper
   02D0 7E                  751 	ld	a,(hl)
   02D1 FE 2B               752 	cp	a,#0x2B
   02D3 C2 08 03            753 	jp	nz,00110$
   02D6 18 03               754 	jr	00119$
   02D8                     755 00118$:
   02D8 C3 08 03            756 	jp	00110$
   02DB                     757 00119$:
                            758 ;	calcboy.c 137
                            759 ;	genPlus
                            760 ;	AOP_HL for __input1
                            761 ;	AOP_HL for __input2
                            762 ;	AOP_HL for __answer
                            763 ;	Can't optimise plus by inc, falling back to the normal way
   02DB 21 01 00            764 	ld	hl,#__input1
   02DE 5E                  765 	ld	e,(hl)
   02DF 23                  766 	inc	hl
   02E0 56                  767 	ld	d,(hl)
   02E1 7B                  768 	ld	a,e
   02E2 21 05 00            769 	ld	hl,#__input2
   02E5 86                  770 	add	a,(hl)
   02E6 5F                  771 	ld	e,a
   02E7 7A                  772 	ld	a,d
   02E8 23                  773 	inc	hl
   02E9 8E                  774 	adc	a,(hl)
   02EA F5                  775 	push	af
   02EB 21 0A 00            776 	ld	hl,#__answer + 1
   02EE 32                  777 	ld      (hl-),a
   02EF 73                  778 	ld	(hl),e
   02F0 21 03 00            779 	ld	hl,#__input1 + 2
   02F3 5E                  780 	ld	e,(hl)
   02F4 23                  781 	inc	hl
   02F5 56                  782 	ld	d,(hl)
   02F6 21 07 00            783 	ld	hl,#__input2 + 2
   02F9 F1                  784 	pop	af
   02FA 7B                  785 	ld	a,e
   02FB 8E                  786 	adc	a,(hl)
   02FC 5F                  787 	ld	e,a
   02FD 7A                  788 	ld	a,d
   02FE 23                  789 	inc	hl
   02FF 8E                  790 	adc	a,(hl)
   0300 21 0C 00            791 	ld	hl,#__answer + 3
   0303 32                  792 	ld      (hl-),a
   0304 73                  793 	ld	(hl),e
                            794 ;	genGoto
   0305 C3 BC 03            795 	jp	00111$
                            796 ;	genLabel
   0308                     797 00110$:
                            798 ;	calcboy.c 138
                            799 ;	genCmpEq
                            800 ;	AOP_HL for __oper
                            801 ; genCmpEq: left 1, right 1, result 0
   0308 21 0D 00            802 	ld	hl,#__oper
   030B 7E                  803 	ld	a,(hl)
   030C FE 2D               804 	cp	a,#0x2D
   030E C2 43 03            805 	jp	nz,00107$
   0311 18 03               806 	jr	00121$
   0313                     807 00120$:
   0313 C3 43 03            808 	jp	00107$
   0316                     809 00121$:
                            810 ;	calcboy.c 139
                            811 ;	genMinus
                            812 ;	AOP_HL for __input1
                            813 ;	AOP_HL for __input2
                            814 ;	AOP_HL for __answer
   0316 21 01 00            815 	ld	hl,#__input1
   0319 5E                  816 	ld	e,(hl)
   031A 23                  817 	inc	hl
   031B 56                  818 	ld	d,(hl)
   031C 7B                  819 	ld	a,e
   031D 21 05 00            820 	ld	hl,#__input2
   0320 96                  821 	sub	a,(hl)
   0321 5F                  822 	ld	e,a
   0322 7A                  823 	ld	a,d
   0323 23                  824 	inc	hl
   0324 9E                  825 	sbc	a,(hl)
   0325 F5                  826 	push	af
   0326 21 0A 00            827 	ld	hl,#__answer + 1
   0329 32                  828 	ld      (hl-),a
   032A 73                  829 	ld	(hl),e
   032B 21 03 00            830 	ld	hl,#__input1 + 2
   032E 5E                  831 	ld	e,(hl)
   032F 23                  832 	inc	hl
   0330 56                  833 	ld	d,(hl)
   0331 21 07 00            834 	ld	hl,#__input2 + 2
   0334 F1                  835 	pop	af
   0335 7B                  836 	ld	a,e
   0336 9E                  837 	sbc	a,(hl)
   0337 5F                  838 	ld	e,a
   0338 7A                  839 	ld	a,d
   0339 23                  840 	inc	hl
   033A 9E                  841 	sbc	a,(hl)
   033B 21 0C 00            842 	ld	hl,#__answer + 3
   033E 32                  843 	ld      (hl-),a
   033F 73                  844 	ld	(hl),e
                            845 ;	genGoto
   0340 C3 BC 03            846 	jp	00111$
                            847 ;	genLabel
   0343                     848 00107$:
                            849 ;	calcboy.c 140
                            850 ;	genCmpEq
                            851 ;	AOP_HL for __oper
                            852 ; genCmpEq: left 1, right 1, result 0
   0343 21 0D 00            853 	ld	hl,#__oper
   0346 7E                  854 	ld	a,(hl)
   0347 FE 2A               855 	cp	a,#0x2A
   0349 C2 81 03            856 	jp	nz,00104$
   034C 18 03               857 	jr	00123$
   034E                     858 00122$:
   034E C3 81 03            859 	jp	00104$
   0351                     860 00123$:
                            861 ;	calcboy.c 141
                            862 ;	genIpush
                            863 ; _saveRegsForCall: sendSetSize: 0 deInUse: 0 bcInUse: 0 deSending: 0
                            864 ;	AOP_HL for __input2
   0351 21 07 00            865 	ld	hl,#__input2 + 2
   0354 2A                  866 	ld	a,(hl+)
   0355 66                  867 	ld	h,(hl)
   0356 6F                  868 	ld	l,a
   0357 E5                  869 	push	hl
   0358 21 05 00            870 	ld	hl,#__input2
   035B 2A                  871 	ld	a,(hl+)
   035C 66                  872 	ld	h,(hl)
   035D 6F                  873 	ld	l,a
   035E E5                  874 	push	hl
                            875 ;	genIpush
                            876 ;	AOP_HL for __input1
   035F 21 03 00            877 	ld	hl,#__input1 + 2
   0362 2A                  878 	ld	a,(hl+)
   0363 66                  879 	ld	h,(hl)
   0364 6F                  880 	ld	l,a
   0365 E5                  881 	push	hl
   0366 21 01 00            882 	ld	hl,#__input1
   0369 2A                  883 	ld	a,(hl+)
   036A 66                  884 	ld	h,(hl)
   036B 6F                  885 	ld	l,a
   036C E5                  886 	push	hl
                            887 ;	genCall
   036D CD 00 00            888 	call	__mulslong_rrx_s
                            889 ;	AOP_HL for __answer
   0370 E5                  890 	push	hl
   0371 21 09 00            891 	ld	hl,#__answer
   0374 73                  892 	ld	(hl),e
   0375 23                  893 	inc	hl
   0376 72                  894 	ld	(hl),d
   0377 D1                  895 	pop	de
   0378 23                  896 	inc	hl
   0379 73                  897 	ld	(hl),e
   037A 23                  898 	inc	hl
   037B 72                  899 	ld	(hl),d
   037C E8 08               900 	lda	sp,8(sp)
                            901 ;	genGoto
   037E C3 BC 03            902 	jp	00111$
                            903 ;	genLabel
   0381                     904 00104$:
                            905 ;	calcboy.c 142
                            906 ;	genCmpEq
                            907 ;	AOP_HL for __oper
                            908 ; genCmpEq: left 1, right 1, result 0
   0381 21 0D 00            909 	ld	hl,#__oper
   0384 7E                  910 	ld	a,(hl)
   0385 FE 2F               911 	cp	a,#0x2F
   0387 C2 BC 03            912 	jp	nz,00111$
   038A 18 03               913 	jr	00125$
   038C                     914 00124$:
   038C C3 BC 03            915 	jp	00111$
   038F                     916 00125$:
                            917 ;	calcboy.c 143
                            918 ;	genIpush
                            919 ; _saveRegsForCall: sendSetSize: 0 deInUse: 0 bcInUse: 0 deSending: 0
                            920 ;	AOP_HL for __input2
   038F 21 07 00            921 	ld	hl,#__input2 + 2
   0392 2A                  922 	ld	a,(hl+)
   0393 66                  923 	ld	h,(hl)
   0394 6F                  924 	ld	l,a
   0395 E5                  925 	push	hl
   0396 21 05 00            926 	ld	hl,#__input2
   0399 2A                  927 	ld	a,(hl+)
   039A 66                  928 	ld	h,(hl)
   039B 6F                  929 	ld	l,a
   039C E5                  930 	push	hl
                            931 ;	genIpush
                            932 ;	AOP_HL for __input1
   039D 21 03 00            933 	ld	hl,#__input1 + 2
   03A0 2A                  934 	ld	a,(hl+)
   03A1 66                  935 	ld	h,(hl)
   03A2 6F                  936 	ld	l,a
   03A3 E5                  937 	push	hl
   03A4 21 01 00            938 	ld	hl,#__input1
   03A7 2A                  939 	ld	a,(hl+)
   03A8 66                  940 	ld	h,(hl)
   03A9 6F                  941 	ld	l,a
   03AA E5                  942 	push	hl
                            943 ;	genCall
   03AB CD 00 00            944 	call	__divslong_rrx_s
                            945 ;	AOP_HL for __answer
   03AE E5                  946 	push	hl
   03AF 21 09 00            947 	ld	hl,#__answer
   03B2 73                  948 	ld	(hl),e
   03B3 23                  949 	inc	hl
   03B4 72                  950 	ld	(hl),d
   03B5 D1                  951 	pop	de
   03B6 23                  952 	inc	hl
   03B7 73                  953 	ld	(hl),e
   03B8 23                  954 	inc	hl
   03B9 72                  955 	ld	(hl),d
   03BA E8 08               956 	lda	sp,8(sp)
                            957 ;	genLabel
   03BC                     958 00111$:
                            959 ;	calcboy.c 146
                            960 ;	genCall
                            961 ; _saveRegsForCall: sendSetSize: 0 deInUse: 0 bcInUse: 0 deSending: 0
   03BC CD 27 04            962 	call	_redraw_ans
                            963 ;	genLabel
   03BF                     964 00112$:
                            965 ;	genEndFunction
                            966 	
   03BF C9                  967 	ret
   03C0                     968 ___calc_ans_end:
                            969 ;	calcboy.c 152
                            970 ;	genLabel
                            971 ;	genFunction
                            972 ;	---------------------------------
                            973 ; Function redraw_in1
                            974 ; ---------------------------------
   03C0                     975 ___redraw_in1_start:
   03C0                     976 _redraw_in1:
                            977 	
                            978 ;	calcboy.c 153
                            979 ;	genIpush
                            980 ; _saveRegsForCall: sendSetSize: 0 deInUse: 0 bcInUse: 0 deSending: 0
   03C0 21 0C 04            981 	ld	hl,#0x040C
   03C3 E5                  982 	push	hl
                            983 ;	genCall
   03C4 CD 00 00            984 	call	_gotoxy
   03C7 E8 02               985 	lda	sp,2(sp)
                            986 ;	calcboy.c 154
                            987 ;	genIpush
                            988 ; _saveRegsForCall: sendSetSize: 0 deInUse: 0 bcInUse: 0 deSending: 0
                            989 ;	AOP_HL for __input1
   03C9 21 03 00            990 	ld	hl,#__input1 + 2
   03CC 2A                  991 	ld	a,(hl+)
   03CD 66                  992 	ld	h,(hl)
   03CE 6F                  993 	ld	l,a
   03CF E5                  994 	push	hl
   03D0 21 01 00            995 	ld	hl,#__input1
   03D3 2A                  996 	ld	a,(hl+)
   03D4 66                  997 	ld	h,(hl)
   03D5 6F                  998 	ld	l,a
   03D6 E5                  999 	push	hl
                           1000 ;	genIpush
   03D7 21 E1 03           1001 	ld	hl,#__str_19
   03DA E5                 1002 	push	hl
                           1003 ;	genCall
   03DB CD 00 00           1004 	call	_printf
   03DE E8 06              1005 	lda	sp,6(sp)
                           1006 ;	genLabel
   03E0                    1007 00101$:
                           1008 ;	genEndFunction
                           1009 	
   03E0 C9                 1010 	ret
   03E1                    1011 ___redraw_in1_end:
   03E1                    1012 __str_19:
   03E1 25 75              1013 	.ascii "%u"
   03E3 00                 1014 	.db 0x00
                           1015 ;	calcboy.c 160
                           1016 ;	genLabel
                           1017 ;	genFunction
                           1018 ;	---------------------------------
                           1019 ; Function redraw_in2
                           1020 ; ---------------------------------
   03E4                    1021 ___redraw_in2_start:
   03E4                    1022 _redraw_in2:
                           1023 	
                           1024 ;	calcboy.c 161
                           1025 ;	genIpush
                           1026 ; _saveRegsForCall: sendSetSize: 0 deInUse: 0 bcInUse: 0 deSending: 0
   03E4 21 0C 05           1027 	ld	hl,#0x050C
   03E7 E5                 1028 	push	hl
                           1029 ;	genCall
   03E8 CD 00 00           1030 	call	_gotoxy
   03EB E8 02              1031 	lda	sp,2(sp)
                           1032 ;	calcboy.c 162
                           1033 ;	genIpush
                           1034 ; _saveRegsForCall: sendSetSize: 0 deInUse: 0 bcInUse: 0 deSending: 0
                           1035 ;	AOP_HL for __input2
   03ED 21 07 00           1036 	ld	hl,#__input2 + 2
   03F0 2A                 1037 	ld	a,(hl+)
   03F1 66                 1038 	ld	h,(hl)
   03F2 6F                 1039 	ld	l,a
   03F3 E5                 1040 	push	hl
   03F4 21 05 00           1041 	ld	hl,#__input2
   03F7 2A                 1042 	ld	a,(hl+)
   03F8 66                 1043 	ld	h,(hl)
   03F9 6F                 1044 	ld	l,a
   03FA E5                 1045 	push	hl
                           1046 ;	genIpush
   03FB 21 05 04           1047 	ld	hl,#__str_20
   03FE E5                 1048 	push	hl
                           1049 ;	genCall
   03FF CD 00 00           1050 	call	_printf
   0402 E8 06              1051 	lda	sp,6(sp)
                           1052 ;	genLabel
   0404                    1053 00101$:
                           1054 ;	genEndFunction
                           1055 	
   0404 C9                 1056 	ret
   0405                    1057 ___redraw_in2_end:
   0405                    1058 __str_20:
   0405 25 75              1059 	.ascii "%u"
   0407 00                 1060 	.db 0x00
                           1061 ;	calcboy.c 168
                           1062 ;	genLabel
                           1063 ;	genFunction
                           1064 ;	---------------------------------
                           1065 ; Function redraw_op
                           1066 ; ---------------------------------
   0408                    1067 ___redraw_op_start:
   0408                    1068 _redraw_op:
                           1069 	
                           1070 ;	calcboy.c 169
                           1071 ;	genIpush
                           1072 ; _saveRegsForCall: sendSetSize: 0 deInUse: 0 bcInUse: 0 deSending: 0
   0408 21 0C 06           1073 	ld	hl,#0x060C
   040B E5                 1074 	push	hl
                           1075 ;	genCall
   040C CD 00 00           1076 	call	_gotoxy
   040F E8 02              1077 	lda	sp,2(sp)
                           1078 ;	calcboy.c 170
                           1079 ;	genCast
                           1080 ;	AOP_HL for __oper
   0411 21 0D 00           1081 	ld	hl,#__oper
   0414 4E                 1082 	ld	c,(hl)
   0415 7E                 1083 	ld	a,(hl)
   0416 17                 1084 	rla	
   0417 9F                 1085 	sbc	a,a
   0418 47                 1086 	ld	b,a
                           1087 ;	genIpush
                           1088 ; _saveRegsForCall: sendSetSize: 0 deInUse: 0 bcInUse: 0 deSending: 0
   0419 C5                 1089 	push	bc
                           1090 ;	genIpush
   041A 21 24 04           1091 	ld	hl,#__str_21
   041D E5                 1092 	push	hl
                           1093 ;	genCall
   041E CD 00 00           1094 	call	_printf
   0421 E8 04              1095 	lda	sp,4(sp)
                           1096 ;	genLabel
   0423                    1097 00101$:
                           1098 ;	genEndFunction
                           1099 	
   0423 C9                 1100 	ret
   0424                    1101 ___redraw_op_end:
   0424                    1102 __str_21:
   0424 25 63              1103 	.ascii "%c"
   0426 00                 1104 	.db 0x00
                           1105 ;	calcboy.c 176
                           1106 ;	genLabel
                           1107 ;	genFunction
                           1108 ;	---------------------------------
                           1109 ; Function redraw_ans
                           1110 ; ---------------------------------
   0427                    1111 ___redraw_ans_start:
   0427                    1112 _redraw_ans:
                           1113 	
                           1114 ;	calcboy.c 177
                           1115 ;	genIpush
                           1116 ; _saveRegsForCall: sendSetSize: 0 deInUse: 0 bcInUse: 0 deSending: 0
   0427 21 0C 07           1117 	ld	hl,#0x070C
   042A E5                 1118 	push	hl
                           1119 ;	genCall
   042B CD 00 00           1120 	call	_gotoxy
   042E E8 02              1121 	lda	sp,2(sp)
                           1122 ;	calcboy.c 178
                           1123 ;	genIpush
                           1124 ; _saveRegsForCall: sendSetSize: 0 deInUse: 0 bcInUse: 0 deSending: 0
                           1125 ;	AOP_HL for __answer
   0430 21 0B 00           1126 	ld	hl,#__answer + 2
   0433 2A                 1127 	ld	a,(hl+)
   0434 66                 1128 	ld	h,(hl)
   0435 6F                 1129 	ld	l,a
   0436 E5                 1130 	push	hl
   0437 21 09 00           1131 	ld	hl,#__answer
   043A 2A                 1132 	ld	a,(hl+)
   043B 66                 1133 	ld	h,(hl)
   043C 6F                 1134 	ld	l,a
   043D E5                 1135 	push	hl
                           1136 ;	genIpush
   043E 21 48 04           1137 	ld	hl,#__str_22
   0441 E5                 1138 	push	hl
                           1139 ;	genCall
   0442 CD 00 00           1140 	call	_printf
   0445 E8 06              1141 	lda	sp,6(sp)
                           1142 ;	genLabel
   0447                    1143 00101$:
                           1144 ;	genEndFunction
                           1145 	
   0447 C9                 1146 	ret
   0448                    1147 ___redraw_ans_end:
   0448                    1148 __str_22:
   0448 25 75              1149 	.ascii "%u"
   044A 00                 1150 	.db 0x00
                           1151 	.area _CODE
ASxxxx Assembler V01.75  (GameBoy Z80-like CPU), page 1.

Symbol Table

  0 ___calc_ans_end                    03C0 R
  0 ___calc_ans_start                  02CD R
  0 ___clear_disp_end                  00D2 R
  0 ___clear_disp_start                00B1 R
  0 ___draw_screen_end                 01AB R
  0 ___draw_screen_start               00D5 R
  0 ___main_end                        00B1 R
  0 ___main_start                      0000 R
  0 ___redraw_ans_end                  0448 R
  0 ___redraw_ans_start                0427 R
  0 ___redraw_in1_end                  03E1 R
  0 ___redraw_in1_start                03C0 R
  0 ___redraw_in2_end                  0405 R
  0 ___redraw_in2_start                03E4 R
  0 ___redraw_op_end                   0424 R
  0 ___redraw_op_start                 0408 R
  0 ___select_op_end                   02CD R
  0 ___select_op_start                 0274 R
  1 __answer                           0009 GR
    __divslong_rrx_s                   **** GX
  1 __input1                           0001 GR
  1 __input2                           0005 GR
    __mulslong_rrx_s                   **** GX
  1 __oper                             000D GR
  0 __str_0                            00D2 R
  0 __str_1                            01AB R
  0 __str_10                           0201 R
  0 __str_11                           0203 R
  0 __str_12                           0212 R
  0 __str_13                           0216 R
  0 __str_14                           021D R
  0 __str_15                           0225 R
  0 __str_16                           023A R
  0 __str_17                           024E R
  0 __str_18                           0262 R
  0 __str_19                           03E1 R
  0 __str_2                            01AE R
  0 __str_20                           0405 R
  0 __str_21                           0424 R
  0 __str_22                           0448 R
  0 __str_3                            01C3 R
  0 __str_4                            01CD R
  0 __str_5                            01D0 R
  0 __str_6                            01DF R
  0 __str_7                            01E1 R
  0 __str_8                            01F0 R
  0 __str_9                            01F2 R
  0 _calc_ans                          02CD GR
  0 _clear_disp                        00B1 GR
  0 _draw_screen                       00D5 GR
    _gotoxy                            **** GX
  1 _i                                 0000 GR
    _joypad                            **** GX
  0 _main                              0000 GR
    _printf                            **** GX
  0 _redraw_ans                        0427 GR
  0 _redraw_in1                        03C0 GR
  0 _redraw_in2                        03E4 GR
  0 _redraw_op                         0408 GR
  0 _select_op                         0274 GR

ASxxxx Assembler V01.75  (GameBoy Z80-like CPU), page 2.

Area Table

   0 _CODE                              size  44B   flags 0
   1 _DATA                              size    E   flags 0
   2 _OVERLAY                           size    0   flags 0
   3 _ISEG                              size    0   flags 0
   4 _BSEG                              size    0   flags 0
   5 _XSEG                              size    0   flags 0
   6 _GSINIT                            size   1D   flags 0
   7 _GSFINAL                           size    0   flags 0
   8 _HOME                              size    0   flags 0
