AREA .  .ABS.
	RADIX HEX
	BASE 0000
	SIZE 0000
	ATTRIB ABS OVR
	GLOBALS
		l__HEAP	0000
		l__BSEG	0000
		l_.  .ABS.	0000
		l__GSFINAL	0000
		l__ISEG	0000
		s_.  .ABS.	0000
		s__HEADER	0000
		l__XSEG	0000
		.init	0000
		l__OVERLAY	0000
		l__LIT	0000
		l__GSINITTAIL	0001
		l__DATA	000E
		l__GSINIT	001D
		l__BSS	0087
		l__HEADER	01EB
		s__CODE	0200
		l__HOME	0486
		l__BASE	0E77
		l__CODE	159B
		s__HOME	179B
		s__BASE	1C21
		s__LIT	2A98
		s__GSINIT	2A98
		s__GSINITTAIL	2AB5
		s__GSFINAL	2AB6
		.OAM	C000
		s__DATA	C0A0
		s__BSS	C0AE
		s__HEAP	C135
		s__BSEG	C135
		s__ISEG	C135
		s__XSEG	C135
		s__OVERLAY	C135
		.STACK	E000
		.refresh_OAM	FF80
AREA _CODE
	RADIX HEX
	BASE 0200
	SIZE 159B
	ATTRIB REL CON
	GLOBALS
		_main	0200
		_clear_disp	02B1
		_draw_screen	02D5
		_select_op	0473
		_calc_ans	04CC
		_redraw_in1	05BF
		_redraw_in2	05FD
		_redraw_op	063B
		_redraw_ans	0674
		_putchar	06B2
		_setchar	06BB
		_gotoxy	06C4
		_posx	06CF
		_posy	06E0
		.adv_gcurs	06F1
		.circle	070E
		.horlin	07B1
		.verlin	07E9
		.circplot	0845
		.box	08C3
		.line	0999
		.xonly	0ABA
		.yonly	0C09
		.plot	0C2A
		.wrbyte	0C47
		.getpix	0CC9
		.wrtchr	0CFE
		_gotogxy	0D62
		_wrtchr	0D6D
		_getpix	0D82
		_color	0D8E
		_circle	0D9D
		_box	0DB7
		_line	0DDB
		_plot_point	0DF3
		_plot	0E07
		__mulslong_rrf_s	0E23
		__mulslong_rrx_s	0E23
		__mululong_rrf_s	0E26
		__mululong_rrx_s	0E26
		__modslong_rrf_s	0E29
		__modslong_rrx_s	0E29
		__modulong_rrf_s	0E2C
		__modulong_rrx_s	0E2C
		__divslong_rrf_s	0E2F
		__divslong_rrx_s	0E2F
		__divulong_rrf_s	0E32
		__divulong_rrx_s	0E32
		__mulsint_rrf_s	0E35
		__divsint_rrf_s	0E3B
		__muluint_rrf_s	0E41
		__divuint_rrf_s	0E47
		__mulschar_rrf_s	0E4D
		__divschar_rrf_s	0E53
		__muluchar_rrf_s	0E59
		__divuchar_rrf_s	0E5F
		__modschar_rrf_s	0E65
		__moduchar_rrf_s	0E6B
		__modsint_rrf_s	0E71
		__moduint_rrf_s	0E77
		__rrulong_rrf_s	0E7D
		__rrslong_rrf_s	0E83
		__rlulong_rrf_s	0E89
		__rlslong_rrf_s	0E8F
		__divschar_rrx_s	0E95
		__divschar_rrx_hds	0E9C
		__modschar_rrx_s	0EA3
		__modschar_rrx_hds	0EAA
		__divsint_rrx_s	0EAF
		__divsint_rrx_hds	0EBB
		__modsint_rrx_s	0EC3
		__modsint_rrx_hds	0ECF
		__divuchar_rrx_s	0ED5
		__divuchar_rrx_hds	0EDC
		__moduchar_rrx_s	0EE3
		__moduchar_rrx_hds	0EEA
		__divuint_rrx_s	0EEF
		__divuint_rrx_hds	0EFB
		__moduint_rrx_s	0F03
		__moduint_rrx_hds	0F0F
		.mod8	0F15
		.div8	0F15
		.mod16	0F1D
		.div16	0F1D
		.modu8	0F57
		.divu8	0F57
		.modu16	0F5A
		.divu16	0F5A
		__rrulong_rrx_s	0F97
		__rrslong_rrx_s	0FB4
		__rlslong_rrx_s	0FD1
		__rlulong_rrx_s	0FD1
		__mulschar_rrx_s	0FEE
		__mulschar_rrx_hds	0FF5
		__muluchar_rrx_s	1001
		__mulsint_rrx_s	100E
		__muluint_rrx_s	100E
		__mulsint_rrx_hds	101A
		__muluint_rrx_hds	101A
		__muluchar_rrx_hds	101A
		__modslong	1036
		__modulong	114A
		__divslong	123A
		__divulong	134E
		__mululong	1419
		__mulslong	1765
AREA _HEADER
	RADIX HEX
	BASE 0000
	SIZE 01EB
	ATTRIB ABS OVR
	GLOBALS
		_exit	01D2
AREA _HOME
	RADIX HEX
	BASE 179B
	SIZE 0486
	ATTRIB REL CON
	GLOBALS
		.set_mode	179B
		.remove_VBL	17AB
		.remove_LCD	17B1
		.remove_TIM	17B7
		.remove_SIO	17BD
		.remove_JOY	17C3
		.add_VBL	17C9
		.add_LCD	17CF
		.add_TIM	17D5
		.add_SIO	17DB
		.add_JOY	17E1
		.remove_int	17E7
		.add_int	1807
		.wait_vbl_done	1823
		_wait_vbl_done	1823
		_display_off	183A
		.display_off	183A
		.serial_IO	185B
		_mode	188A
		_get_mode	1893
		_enable_interrupts	1898
		_disable_interrupts	189A
		_reset	189C
		.reset	189C
		_set_interrupts	18A2
		_remove_VBL	18AD
		_remove_LCD	18B8
		_remove_TIM	18C3
		_remove_SIO	18CE
		_remove_JOY	18D9
		_add_VBL	18E4
		_add_LCD	18EF
		_add_TIM	18FA
		_add_SIO	1905
		_add_JOY	1910
		_clock	191B
		__printTStates	1924
		banked_call	1925
		banked_ret	193E
		_printf	1947
		_sprintf	1964
AREA _BASE
	RADIX HEX
	BASE 1C21
	SIZE 0E77
	ATTRIB REL CON
	GLOBALS
		font_copy_uncompressed	1C21
		font_copy_compressed	1C57
		font_load	1CAC
		font_copy_current	1CF4
		font_set	1D3C
		.put_char	1D49
		.out_char	1D62
		.del_char	1D69
		_font_load	1DC4
		_font_set	1DD2
		_font_init	1DE1
		_cls	1E03
		.cls	1E03
		.cr_curs	1E35
		.adv_curs	1E4A
		.tmode	1EA6
		.tmode_out	1ECF
		_font_load_ibm_fixed	1EDF
		_font_ibm_fixed	1EE6
		_font_ibm_fixed_tiles	1FE8
		.gmode	27E8
		.vbl	284A
		.lcd	2855
		.draw_image	2862
		.switch_data	286C
		_switch_data	28A3
		_draw_image	28BE
		.y_table	28D1
		.padup	29F1
		_waitpadup	29F1
		.jpad	2A01
		.wait_pad	2A2E
		_joypad	2A35
		_waitpad	2A3A
		.init_vram	2A44
		.init_wtt	2A52
		.init_btt	2A62
		.init_tt	2A70
		.copy_vram	2A76
		_get_data	2A85
		_set_data	2A85
AREA _LIT
	RADIX HEX
	BASE 2A98
	SIZE 0000
	ATTRIB REL CON
AREA _GSINIT
	RADIX HEX
	BASE 2A98
	SIZE 001D
	ATTRIB REL CON
	GLOBALS
		gsinit	2A98
AREA _GSINITTAIL
	RADIX HEX
	BASE 2AB5
	SIZE 0001
	ATTRIB REL CON
AREA _GSFINAL
	RADIX HEX
	BASE 2AB6
	SIZE 0000
	ATTRIB REL CON
AREA _DATA
	RADIX HEX
	BASE C0A0
	SIZE 000E
	ATTRIB REL CON
	GLOBALS
		_i	C0A0
		__input1	C0A1
		__input2	C0A5
		__answer	C0A9
		__oper	C0AD
AREA _BSS
	RADIX HEX
	BASE C0AE
	SIZE 0087
	ATTRIB REL CON
	GLOBALS
		__cpu	C0AE
		.mode	C0AF
		__io_out	C0B0
		__io_in	C0B1
		__io_status	C0B2
		.vbl_done	C0B3
		__current_bank	C0B4
		_sys_time	C0B5
		.sys_time	C0B5
		.int_0x40	C0B7
		.int_0x48	C0C7
		.int_0x50	C0D7
		.int_0x58	C0E7
		.int_0x60	C0F7
		font_current	C107
		font_first_free_tile	C10A
		font_table	C10B
		.curx	C11D
		.cury	C11E
		.fg_colour	C11F
		.bg_colour	C120
AREA _HEAP
	RADIX HEX
	BASE C135
	SIZE 0000
	ATTRIB REL CON
	GLOBALS
		_malloc_heap_start	C135
AREA _OVERLAY
	RADIX HEX
	BASE C135
	SIZE 0000
	ATTRIB REL CON
AREA _ISEG
	RADIX HEX
	BASE C135
	SIZE 0000
	ATTRIB REL CON
AREA _BSEG
	RADIX HEX
	BASE C135
	SIZE 0000
	ATTRIB REL CON
AREA _XSEG
	RADIX HEX
	BASE C135
	SIZE 0000
	ATTRIB REL CON
MODULES
	FILE /opt/gbdk/lib/small/asxxxx/gb/crt0.o
		NAME Runtime
	FILE calcboy.o
		NAME lcc260030
LIBRARIES
	LIBRARY /opt/gbdk/lib/small/asxxxx/gb/gb.lib
		MODULE font.o
	LIBRARY /opt/gbdk/lib/small/asxxxx/gb/gb.lib
		MODULE ibmfixed.o
	LIBRARY /opt/gbdk/lib/small/asxxxx/gb/gb.lib
		MODULE drawing.o
	LIBRARY /opt/gbdk/lib/small/asxxxx/gb/gb.lib
		MODULE pad.o
	LIBRARY /opt/gbdk/lib/small/asxxxx/gbz80/gbz80.lib
		MODULE stubs.o
	LIBRARY /opt/gbdk/lib/small/asxxxx/gbz80/gbz80.lib
		MODULE printf.o
	LIBRARY /opt/gbdk/lib/small/asxxxx/gb/gb.lib
		MODULE init_tt.o
	LIBRARY /opt/gbdk/lib/small/asxxxx/gb/gb.lib
		MODULE cpy_data.o
	LIBRARY /opt/gbdk/lib/small/asxxxx/gbz80/gbz80.lib
		MODULE div.o
	LIBRARY /opt/gbdk/lib/small/asxxxx/gbz80/gbz80.lib
		MODULE shift.o
	LIBRARY /opt/gbdk/lib/small/asxxxx/gbz80/gbz80.lib
		MODULE mul.o
	LIBRARY /opt/gbdk/lib/small/asxxxx/gbz80/gbz80.lib
		MODULE _modslong.o
	LIBRARY /opt/gbdk/lib/small/asxxxx/gbz80/gbz80.lib
		MODULE _modulong.o
	LIBRARY /opt/gbdk/lib/small/asxxxx/gbz80/gbz80.lib
		MODULE _divslong.o
	LIBRARY /opt/gbdk/lib/small/asxxxx/gbz80/gbz80.lib
		MODULE _divulong.o
	LIBRARY /opt/gbdk/lib/small/asxxxx/gbz80/gbz80.lib
		MODULE _mullong.o
USERBASEDEF
	_CODE=0x0200
	_DATA=0xC0A0
	_CODE_1=0x4000
USERGLOBALDEF
	.OAM=0xC000
	.STACK=0xE000
	.refresh_OAM=0xFF80
	.init=0x0000
